[invigorated-product-322373.framer.app/index.html]
[backblue.gif]
[fade.gif]
[index.html]
[framerusercontent.com/images/MeZvgAhjQkji5BHrYomjb5R43pM.png]
[invigorated-product-322373.framer.app/press.html]
[framerusercontent.com/images/WGBztpRxvYIqkxNLz39jf6Io1Y23f4.jpg]
[framerusercontent.com/images/CEFvxZktiBTXJ4VhLuJuahxDio1299.png]
[framerusercontent.com/images/WVH8k9lkfSzfWoonGkM0zlDCqMo832b.png]
[framerusercontent.com/images/bHF73PH3WkLRwXXqwnVj5MLKksb1c4.png]
[framerusercontent.com/images/WtpTiPgTtspvpwV3RZvhda7d8ac594b.jpg]
[framerusercontent.com/images/YLia4gEJH8CnSNW5ZXuK7HCzg4944f.jpg]
[framerusercontent.com/images/6YvD8PY2awcaJSAbxDKq9BGuGE23f4.jpg]
[framerusercontent.com/images/wzfpig3g8eOjfio6kTIUrVPhrwb488.jpg]
[framerusercontent.com/images/Dk1MyH2IgS5KRPLtjAQPNDn1Y7E8bab.jpg]
[framerusercontent.com/images/dBkNcNmlXvsTDgkK79Djru90o23f4.jpg]
[framerusercontent.com/images/HEd8xfv0YSg9DmJqseRvtXkYkg944f.jpg]
[framerusercontent.com/images/EBkOxv6XpYbDdWgl3QK4B2OEfRY66fc.jpg]
[framerusercontent.com/images/c8lJJSZ4g4Bwv4yI3GR3ljtYccYdfa4.jpg]
[framerusercontent.com/images/UxSYmBnWVDti7Kly7TT0vvbt9Q23f4.jpg]
[framerusercontent.com/images/D5Xt6kYytX4p6FhYziV52yALdI505a.jpg]
[framerusercontent.com/images/hJcZmtbM5WOHlYGzSZ3vx8c2LSI825d.jpg]
[framerusercontent.com/images/hQe0K1BEQ5LwX1unhrZW6C9oW4be17.jpg]
[framerusercontent.com/images/5AHVCqsRawNNLSgIWUCQtaII9wA4a75.jpg]
[framerusercontent.com/images/sqcf4Iw1VcKZBy7eztSJGIBQE825d.jpg]
[framerusercontent.com/images/6Cxw0fI14eaiy11LA8xNxhOPjSE74de.jpg]
[framerusercontent.com/images/qcgWLX8fKtrDcbEcv1NUMIu2hn8eb59.png]
[framerusercontent.com/sites/2LGmQxVQcw2blrMAvbyTJb/react.B6mE3oHP.mjs]
[framerusercontent.com/sites/2LGmQxVQcw2blrMAvbyTJb/rolldown-runtime.dqzIrg9r.mjs]
[framerusercontent.com/sites/2LGmQxVQcw2blrMAvbyTJb/motion.DTlEugrl.mjs]
[framerusercontent.com/sites/2LGmQxVQcw2blrMAvbyTJb/framer.Im5L9F9F.mjs]
[framerusercontent.com/sites/2LGmQxVQcw2blrMAvbyTJb/VrTdm8zYejbk0yGeszlLR5qgd_KXyqB-x5SlP9flFpU.C3UJtjEv.mjs]
[framerusercontent.com/sites/2LGmQxVQcw2blrMAvbyTJb/augiA20Il.CAdvgN2E.mjs]
[framerusercontent.com/sites/2LGmQxVQcw2blrMAvbyTJb/shared-lib.C9T0BdWo.mjs]
[framerusercontent.com/sites/2LGmQxVQcw2blrMAvbyTJb/vUsGEdcnR.DFk6kdiU.mjs]
[framerusercontent.com/sites/2LGmQxVQcw2blrMAvbyTJb/WYHZh2ZGX.BRSJMxzm.mjs]
[invigorated-product-322373.framer.app/index.html]
[fonts.gstatic.com/index.html]
[framerusercontent.com/sites/2LGmQxVQcw2blrMAvbyTJb/script_main.CGZVsD4v.mjs]
[ga.jspm.io/npm_es-module-shims@1.6.3/dist/es-module-shims.js]
[framerusercontent.com/modules/guT4fjXqwSYZm87l7PBW/pUYiSpCktmmjHhpTbw3P/augiA20Il.js]
[framerusercontent.com/modules/rdLHNIBceiGxTTFV0JfJ/qG26su7JEvubz39XEgSu/NslLmncLN.js]
[framerusercontent.com/modules/9TsZ2YzMe1nY3MbPu43o/uuwVx4QAHcyriBm4aHK9/TLfsnOwhP.js]
[framerusercontent.com/modules/ejG2hRnUZ0Oyje7fkJv8/imxrJ6g3Ld0AfU75la7K/nFnC5kAOb.js]
[framerusercontent.com/modules/bMBpB9BPA1u767K0tqVN/vWMjDK4mgNIhoZu8Ucsz/snippets.js]
[invigorated-product-322373.framer.app/press.html]
